// Jest Snapshot v1, https://goo.gl/fbAQLP

exports[`регрессионный тест обновления кол-ва продуктов в корзине 1`] = `ReactWrapper {}`;
